#
# A fatal error has been detected by the Java Runtime Environment:
#
#  EXCEPTION_ACCESS_VIOLATION (0xc0000005) at pc=0x000001f66c1f8268, pid=20280, tid=27544
#
# JRE version: OpenJDK Runtime Environment Temurin-21.0.11+10 (21.0.11+10) (build 21.0.11+10-LTS)
# Java VM: OpenJDK 64-Bit Server VM Temurin-21.0.11+10 (21.0.11+10-LTS, mixed mode, sharing, tiered, compressed oops, compressed class ptrs, parallel gc, windows-amd64)
# Problematic frame:
# C  0x000001f66c1f8268
#
# No core dump will be written. Minidumps are not enabled by default on client versions of Windows
#
# If you would like to submit a bug report, please visit:
#   https://github.com/adoptium/adoptium-support/issues
#

---------------  S U M M A R Y ------------

Command Line: --add-modules=ALL-SYSTEM --add-opens=java.base/java.util=ALL-UNNAMED --add-opens=java.base/java.lang=ALL-UNNAMED --add-opens=java.base/sun.nio.fs=ALL-UNNAMED -Declipse.application=org.eclipse.jdt.ls.core.id1 -Dosgi.bundles.defaultStartLevel=4 -Declipse.product=org.eclipse.jdt.ls.core.product -Djava.import.generatesMetadataFilesAtProjectRoot=false -DDetectVMInstallationsJob.disabled=true -Dfile.encoding=utf8 -XX:+UseParallelGC -XX:GCTimeRatio=4 -XX:AdaptiveSizePolicyWeight=90 -Dsun.zip.disableMemoryMapping=true -Xmx2G -Xms100m -Xlog:disable -javaagent:c:\Users\sarik\.vscode\extensions\redhat.java-1.55.0-win32-x64\lombok\lombok-1.18.39-4050.jar -XX:+HeapDumpOnOutOfMemoryError -XX:HeapDumpPath=c:\Users\sarik\AppData\Roaming\Code\User\workspaceStorage\54e8692cb7a66a87a90cf68ab97ebf6b\redhat.java -Daether.dependencyCollector.impl=bf c:\Users\sarik\.vscode\extensions\redhat.java-1.55.0-win32-x64\server\plugins\org.eclipse.equinox.launcher_1.7.200.v20260619-2039.jar -configuration c:\Users\sarik\AppData\Roaming\Code\User\globalStorage\redhat.java\1.55.0\config_win -data c:\Users\sarik\AppData\Roaming\Code\User\workspaceStorage\54e8692cb7a66a87a90cf68ab97ebf6b\redhat.java\jdt_ws --pipe=\\.\pipe\lsp-b74dac1414ddf5c344ec09b1452f8748-sock

Host: AMD Ryzen 5 5500U with Radeon Graphics         , 12 cores, 15G,  Windows 11 , 64 bit Build 26100 (10.0.26100.9168)
Time: Tue Sep  1 19:42:42 2026 India Standard Time elapsed time: 18.565069 seconds (0d 0h 0m 18s)

---------------  T H R E A D  ---------------

Current thread (0x000001f66b3cef30):  JavaThread "C2 CompilerThread2" daemon [_thread_in_native, id=27544, stack(0x0000004f48e00000,0x0000004f48f00000) (1024K)]


Current CompileTask:
C2:18565 6014   !   4       org.eclipse.osgi.internal.loader.BundleLoader::findClass0 (490 bytes)

Stack: [0x0000004f48e00000,0x0000004f48f00000],  sp=0x0000004f48efd5d8,  free space=1013k
Native frames: (J=compiled Java code, j=interpreted, Vv=VM code, C=native code)
C  0x000001f66c1f8268


siginfo: EXCEPTION_ACCESS_VIOLATION (0xc0000005), data execution prevention violation at address 0x000001f66c1f8268


Registers:
RAX=0x000001f66c1f8318, RBX=0x0000000000000099, RCX=0x000001f66c1f82e0, RDX=0x0000000000000000
RSP=0x0000004f48efd5d8, RBP=0x0000000000000002, RSI=0x000001f66dfd0128, RDI=0x000001f66c1f82e0
R8 =0x000001f66c296488, R9 =0x000001f66bc1e550, R10=0x000001f66bc1e510, R11=0x0000004f48efde10
R12=0x0000000000000000, R13=0x0000000000001fd9, R14=0x0000000000001eee, R15=0x000001f66bc1e510
RIP=0x000001f66c1f8268, EFLAGS=0x0000000000010246

XMM[0]=0x0000000000000000 0x0000000000000000
XMM[1]=0x000001f66c08a858 0x000001f66c08a858
XMM[2]=0x000001f66bc1d418 0x000001f66bc1d418
XMM[3]=0x0000000000000000 0x000000003f7fffef
XMM[4]=0x0000000000000000 0x0000000000000000
XMM[5]=0x000001f66bc1ddb0 0x000001f66bf28fa8
XMM[6]=0x0000000000000000 0x0000000000000000
XMM[7]=0x0000000000000000 0x0000000000000000
XMM[8]=0x0000000000000000 0x0000000000000000
XMM[9]=0x0000000000000000 0x0000000000000000
XMM[10]=0x0000000000000000 0x0000000000000000
XMM[11]=0x0000000000000000 0x0000000000000000
XMM[12]=0x0000000000000000 0x0000000000000000
XMM[13]=0x0000000000000000 0x0000000000000000
XMM[14]=0x0000000000000000 0x0000000000000000
XMM[15]=0x0000000000000000 0x0000000000000000
  MXCSR=0x00001fa0


Register to memory mapping:

RAX=0x000001f66c1f8318 points into unknown readable memory: 0x000001f66c1f8268 | 68 82 1f 6c f6 01 00 00
RBX=0x0000000000000099 is an unknown value
RCX=0x000001f66c1f82e0 points into unknown readable memory: 0x000001f66c1f8318 | 18 83 1f 6c f6 01 00 00
RDX=0x0 is null
RSP=0x0000004f48efd5d8 is pointing into the stack for thread: 0x000001f66b3cef30
RBP=0x0000000000000002 is an unknown value
RSI=0x000001f66dfd0128 points into unknown readable memory: 0x0000004f48efe9f0 | f0 e9 ef 48 4f 00 00 00
RDI=0x000001f66c1f82e0 points into unknown readable memory: 0x000001f66c1f8318 | 18 83 1f 6c f6 01 00 00
R8 =0x000001f66c296488 points into unknown readable memory: 0x000001f66c296200 | 00 62 29 6c f6 01 00 00
R9 =0x000001f66bc1e550 points into unknown readable memory: 0x000001f66bc1e290 | 90 e2 c1 6b f6 01 00 00
R10=0x000001f66bc1e510 points into unknown readable memory: 0x00007ffceb38cfa8 | a8 cf 38 eb fc 7f 00 00
R11=0x0000004f48efde10 is pointing into the stack for thread: 0x000001f66b3cef30
R12=0x0 is null
R13=0x0000000000001fd9 is an unknown value
R14=0x0000000000001eee is an unknown value
R15=0x000001f66bc1e510 points into unknown readable memory: 0x00007ffceb38cfa8 | a8 cf 38 eb fc 7f 00 00

Top of Stack: (sp=0x0000004f48efd5d8)
0x0000004f48efd5d8:   00007ffceb05f24d 000001f664f8c520   M....... ..d....
0x0000004f48efd5e8:   000001f66dfd0128 000001f664f8c460   (..m....`..d....
0x0000004f48efd5f8:   00007ffceb1d1506 000001f66bc1e220   ........ ..k....
0x0000004f48efd608:   000001f66bc1e510 0000000000000000   ...k............
0x0000004f48efd618:   000001f664f8c520 000001f66bc1e510    ..d.......k....
0x0000004f48efd628:   00007ffceb06135e 000001f664f8c520   ^....... ..d....
0x0000004f48efd638:   000001f600000099 000001f66c08a858   ........X..l....
0x0000004f48efd648:   0000004f48efde10 000001f66bc1dfb8   ...HO......k....
0x0000004f48efd658:   00007ffcead015c9 000001f66b71e510   ..........qk....
0x0000004f48efd668:   0000004f48efd740 0000004f48efd740   @..HO...@..HO...
0x0000004f48efd678:   000001f66bc1e1d0 000001f66bc1e100   ...k.......k....
0x0000004f48efd688:   00007ffceb06135e 0000000000000000   ^...............
0x0000004f48efd698:   0000000000000000 0000004f48efd740   ........@..HO...
0x0000004f48efd6a8:   000001f66bc1d418 000001f66bc1e100   ...k.......k....
0x0000004f48efd6b8:   00007ffcead0535d 000001f66bc1e100   ]S.........k....
0x0000004f48efd6c8:   00007ffceb2db398 000001f664d009a8   ..-........d....
0x0000004f48efd6d8:   0000000000000000 0000004f48efd700   ...........HO...
0x0000004f48efd6e8:   000001f66bc1d418 00007ffcea960000   ...k............
0x0000004f48efd6f8:   000001f66dc43ad0 000001f66dc44238   .:.m....8B.m....
0x0000004f48efd708:   00007ffceab2e013 000001f66bc1d418   ...........k....
0x0000004f48efd718:   00000000fffffffc 0000004f48efd779   ........y..HO...
0x0000004f48efd728:   000001f66e0ee100 0000000000000000   ...n............
0x0000004f48efd738:   00007ffceab55885 00007ffceb3a0b10   .X........:.....
0x0000004f48efd748:   000001f600000001 0000004f48efe8c0   ...........HO...
0x0000004f48efd758:   0000004f48eff4f0 0000004f48efde10   ...HO......HO...
0x0000004f48efd768:   000001f66bc1e338 0000000000000000   8..k............
0x0000004f48efd778:   000000000000008b 000001f66e0e8f60   ........`..n....
0x0000004f48efd788:   000001f64cff0750 0000000000000000   P..L............
0x0000004f48efd798:   0000000000000002 00007ffcea960000   ................
0x0000004f48efd7a8:   000001f66dc43ad0 0000000000000000   .:.m............
0x0000004f48efd7b8:   00000000fffffffc 0000004f48efdb00   ...........HO...
0x0000004f48efd7c8:   000001f66dc44238 000001f66bc1cf68   8B.m....h..k....

Instructions: (pc=0x000001f66c1f8268)
0x000001f66c1f8168:   ff ff ff ff ff ff ff ff 03 00 00 00 03 00 00 00
0x000001f66c1f8178:   00 00 00 00 00 00 00 00 c3 38 00 00 00 00 00 00
0x000001f66c1f8188:   00 00 00 00 00 00 00 00 00 00 00 00 00 00 00 00
0x000001f66c1f8198:   50 ca 9d 6a f6 01 00 00 68 ec 03 6e f6 01 00 00
0x000001f66c1f81a8:   c8 47 35 eb fc 7f 00 00 e0 81 1f 6c f6 01 00 00
0x000001f66c1f81b8:   48 82 1f 6c f6 01 00 00 03 00 00 00 03 00 00 00
0x000001f66c1f81c8:   01 00 00 00 04 00 00 00 c4 38 00 00 c0 00 00 00
0x000001f66c1f81d8:   00 00 00 00 00 00 00 00 00 00 00 00 00 00 00 00
0x000001f66c1f81e8:   60 80 1f 6c f6 01 00 00 e8 ff 22 6c f6 01 00 00
0x000001f66c1f81f8:   e0 fa 34 eb fc 7f 00 00 38 82 1f 6c f6 01 00 00
0x000001f66c1f8208:   b8 82 1f 6c f6 01 00 00 02 00 00 00 02 00 00 00
0x000001f66c1f8218:   01 00 00 00 04 00 00 00 c5 38 00 00 00 01 00 00
0x000001f66c1f8228:   00 00 00 00 00 00 00 00 04 00 00 00 00 00 00 00
0x000001f66c1f8238:   00 00 00 00 00 00 00 00 a8 81 1f 6c f6 01 00 00
0x000001f66c1f8248:   f8 81 1f 6c f6 01 00 00 00 00 00 00 00 00 00 00
0x000001f66c1f8258:   00 00 00 00 00 00 00 00 00 00 00 00 00 00 00 00
0x000001f66c1f8268:   a8 43 35 eb fc 7f 00 00 a8 82 1f 6c f6 01 00 00
0x000001f66c1f8278:   20 83 1f 6c f6 01 00 00 02 00 00 00 02 00 00 00
0x000001f66c1f8288:   02 00 00 00 04 00 00 00 c6 38 00 00 15 00 00 00
0x000001f66c1f8298:   00 00 00 00 00 00 00 00 84 df 7c 3f c0 b5 14 48
0x000001f66c1f82a8:   98 74 1f 6c f6 01 00 00 f8 81 1f 6c f6 01 00 00
0x000001f66c1f82b8:   68 82 1f 6c f6 01 00 00 00 00 00 00 00 00 00 00
0x000001f66c1f82c8:   00 00 00 00 00 00 00 00 00 00 00 00 00 00 00 00
0x000001f66c1f82d8:   50 45 35 eb fc 7f 00 00 18 83 1f 6c f6 01 00 00
0x000001f66c1f82e8:   00 8d 1f 6c f6 01 00 00 01 00 00 00 01 00 00 00
0x000001f66c1f82f8:   02 00 00 00 04 00 00 00 c7 38 00 00 c8 00 00 00
0x000001f66c1f8308:   40 00 00 00 00 00 00 00 01 00 00 00 00 00 00 00
0x000001f66c1f8318:   68 82 1f 6c f6 01 00 00 d8 82 1f 6c f6 01 00 00
0x000001f66c1f8328:   40 83 1f 6c f6 01 00 00 00 00 00 00 00 00 00 00
0x000001f66c1f8338:   00 00 00 00 00 00 00 00 20 46 35 eb fc 7f 00 00
0x000001f66c1f8348:   80 83 1f 6c f6 01 00 00 20 8d 1f 6c f6 01 00 00
0x000001f66c1f8358:   01 00 00 00 01 00 00 00 02 00 00 00 04 00 00 00


Stack slot to memory mapping:

stack at sp + 0 slots: 0x00007ffceb05f24d jvm.dll
stack at sp + 1 slots: 0x000001f664f8c520 points into unknown readable memory: 0x00007ffceb41dfe8 | e8 df 41 eb fc 7f 00 00
stack at sp + 2 slots: 0x000001f66dfd0128 points into unknown readable memory: 0x0000004f48efe9f0 | f0 e9 ef 48 4f 00 00 00
stack at sp + 3 slots: 0x000001f664f8c460 points into unknown readable memory: 0x00007ffceb41dfe8 | e8 df 41 eb fc 7f 00 00
stack at sp + 4 slots: 0x00007ffceb1d1506 jvm.dll
stack at sp + 5 slots: 0x000001f66bc1e220 points into unknown readable memory: 0x00007ffceb38cee0 | e0 ce 38 eb fc 7f 00 00
stack at sp + 6 slots: 0x000001f66bc1e510 points into unknown readable memory: 0x00007ffceb38cfa8 | a8 cf 38 eb fc 7f 00 00
stack at sp + 7 slots: 0x0 is null


---------------  P R O C E S S  ---------------

Threads class SMR info:
_java_thread_list=0x000001f66ca77a00, length=45, elements={
0x000001f64cff4b90, 0x000001f64d0973a0, 0x000001f64d0986a0, 0x000001f64d09ad50,
0x000001f64d09bd60, 0x000001f64d0a13c0, 0x000001f64d0a7500, 0x000001f64d0ae100,
0x000001f664cf52f0, 0x000001f664ea2be0, 0x000001f664fc6360, 0x000001f66a0cce00,
0x000001f66a468fe0, 0x000001f66a465870, 0x000001f66a7080e0, 0x000001f66a8c3f90,
0x000001f66a6c5c60, 0x000001f664e57dd0, 0x000001f66a496fe0, 0x000001f66a701580,
0x000001f66a6ff4b0, 0x000001f66a6fe100, 0x000001f66a6fe790, 0x000001f66b3cef30,
0x000001f66a6fee20, 0x000001f66a7001d0, 0x000001f66abe45b0, 0x000001f66abe52d0,
0x000001f66abe5960, 0x000001f66abe6680, 0x000001f66abe73a0, 0x000001f66abe4c40,
0x000001f66abe6d10, 0x000001f66abe5ff0, 0x000001f66abe3f20, 0x000001f66abe8de0,
0x000001f66abe9470, 0x000001f66abe7a30, 0x000001f66abe9b00, 0x000001f66abea190,
0x000001f66abea820, 0x000001f66abeb540, 0x000001f66abeaeb0, 0x000001f66abe80c0,
0x000001f66abe8750
}

Java Threads: ( => current thread )
  0x000001f64cff4b90 JavaThread "main"                              [_thread_blocked, id=13456, stack(0x0000004f46b00000,0x0000004f46c00000) (1024K)]
  0x000001f64d0973a0 JavaThread "Reference Handler"          daemon [_thread_blocked, id=23544, stack(0x0000004f46f00000,0x0000004f47000000) (1024K)]
  0x000001f64d0986a0 JavaThread "Finalizer"                  daemon [_thread_blocked, id=25840, stack(0x0000004f47000000,0x0000004f47100000) (1024K)]
  0x000001f64d09ad50 JavaThread "Signal Dispatcher"          daemon [_thread_blocked, id=14196, stack(0x0000004f47100000,0x0000004f47200000) (1024K)]
  0x000001f64d09bd60 JavaThread "Attach Listener"            daemon [_thread_blocked, id=22356, stack(0x0000004f47200000,0x0000004f47300000) (1024K)]
  0x000001f64d0a13c0 JavaThread "Service Thread"             daemon [_thread_blocked, id=18852, stack(0x0000004f47300000,0x0000004f47400000) (1024K)]
  0x000001f64d0a7500 JavaThread "Monitor Deflation Thread"   daemon [_thread_blocked, id=21880, stack(0x0000004f47400000,0x0000004f47500000) (1024K)]
  0x000001f64d0ae100 JavaThread "C2 CompilerThread0"         daemon [_thread_in_native, id=21264, stack(0x0000004f47500000,0x0000004f47600000) (1024K)]
  0x000001f664cf52f0 JavaThread "C1 CompilerThread0"         daemon [_thread_in_vm, id=22024, stack(0x0000004f47600000,0x0000004f47700000) (1024K)]
  0x000001f664ea2be0 JavaThread "Common-Cleaner"             daemon [_thread_blocked, id=840, stack(0x0000004f47800000,0x0000004f47900000) (1024K)]
  0x000001f664fc6360 JavaThread "Notification Thread"        daemon [_thread_blocked, id=224, stack(0x0000004f47900000,0x0000004f47a00000) (1024K)]
  0x000001f66a0cce00 JavaThread "Active Thread: Equinox Container: 52b318b9-d7f9-4a8d-a296-8a3fc5243e03"        [_thread_blocked, id=10676, stack(0x0000004f48100000,0x0000004f48200000) (1024K)]
  0x000001f66a468fe0 JavaThread "Refresh Thread: Equinox Container: 52b318b9-d7f9-4a8d-a296-8a3fc5243e03" daemon [_thread_blocked, id=27164, stack(0x0000004f47a00000,0x0000004f47b00000) (1024K)]
  0x000001f66a465870 JavaThread "Framework Event Dispatcher: Equinox Container: 52b318b9-d7f9-4a8d-a296-8a3fc5243e03" daemon [_thread_blocked, id=11732, stack(0x0000004f48200000,0x0000004f48300000) (1024K)]
  0x000001f66a7080e0 JavaThread "Start Level: Equinox Container: 52b318b9-d7f9-4a8d-a296-8a3fc5243e03" daemon [_thread_blocked, id=8528, stack(0x0000004f48300000,0x0000004f48400000) (1024K)]
  0x000001f66a8c3f90 JavaThread "Bundle File Closer"         daemon [_thread_blocked, id=26916, stack(0x0000004f48800000,0x0000004f48900000) (1024K)]
  0x000001f66a6c5c60 JavaThread "SCR Component Actor"        daemon [_thread_blocked, id=16752, stack(0x0000004f48400000,0x0000004f48500000) (1024K)]
  0x000001f664e57dd0 JavaThread "C2 CompilerThread1"         daemon [_thread_in_native, id=10968, stack(0x0000004f48500000,0x0000004f48600000) (1024K)]
  0x000001f66a496fe0 JavaThread "Worker-JM"                         [_thread_blocked, id=21828, stack(0x0000004f48a00000,0x0000004f48b00000) (1024K)]
  0x000001f66a701580 JavaThread "JNA Cleaner"                daemon [_thread_blocked, id=3452, stack(0x0000004f48900000,0x0000004f48a00000) (1024K)]
  0x000001f66a6ff4b0 JavaThread "Worker-0: Repository registry initialization"        [_thread_in_Java, id=25304, stack(0x0000004f48b00000,0x0000004f48c00000) (1024K)]
  0x000001f66a6fe100 JavaThread "Worker-1: Updating Maven Dependencies"        [_thread_blocked, id=4084, stack(0x0000004f48c00000,0x0000004f48d00000) (1024K)]
  0x000001f66a6fe790 JavaThread "Java indexing"              daemon [_thread_blocked, id=24472, stack(0x0000004f48d00000,0x0000004f48e00000) (1024K)]
=>0x000001f66b3cef30 JavaThread "C2 CompilerThread2"         daemon [_thread_in_native, id=27544, stack(0x0000004f48e00000,0x0000004f48f00000) (1024K)]
  0x000001f66a6fee20 JavaThread "Worker-2: Initialize After Load"        [_thread_blocked, id=24668, stack(0x0000004f48f00000,0x0000004f49000000) (1024K)]
  0x000001f66a7001d0 JavaThread "Worker-3"                          [_thread_blocked, id=3892, stack(0x0000004f49200000,0x0000004f49300000) (1024K)]
  0x000001f66abe45b0 JavaThread "Worker-4"                          [_thread_blocked, id=15620, stack(0x0000004f49300000,0x0000004f49400000) (1024K)]
  0x000001f66abe52d0 JavaThread "Worker-5"                          [_thread_blocked, id=22292, stack(0x0000004f49400000,0x0000004f49500000) (1024K)]
  0x000001f66abe5960 JavaThread "Thread-1"                   daemon [_thread_in_native, id=18672, stack(0x0000004f49500000,0x0000004f49600000) (1024K)]
  0x000001f66abe6680 JavaThread "Thread-2"                   daemon [_thread_in_native, id=10380, stack(0x0000004f49600000,0x0000004f49700000) (1024K)]
  0x000001f66abe73a0 JavaThread "Thread-3"                   daemon [_thread_in_native, id=16524, stack(0x0000004f49700000,0x0000004f49800000) (1024K)]
  0x000001f66abe4c40 JavaThread "Thread-4"                   daemon [_thread_in_native, id=22736, stack(0x0000004f49800000,0x0000004f49900000) (1024K)]
  0x000001f66abe6d10 JavaThread "Thread-5"                   daemon [_thread_in_native, id=26688, stack(0x0000004f49900000,0x0000004f49a00000) (1024K)]
  0x000001f66abe5ff0 JavaThread "Thread-6"                   daemon [_thread_in_native, id=26668, stack(0x0000004f49a00000,0x0000004f49b00000) (1024K)]
  0x000001f66abe3f20 JavaThread "Thread-7"                   daemon [_thread_in_native, id=23468, stack(0x0000004f49b00000,0x0000004f49c00000) (1024K)]
  0x000001f66abe8de0 JavaThread "Thread-8"                   daemon [_thread_in_native, id=7944, stack(0x0000004f49c00000,0x0000004f49d00000) (1024K)]
  0x000001f66abe9470 JavaThread "Thread-9"                   daemon [_thread_in_native, id=19652, stack(0x0000004f49d00000,0x0000004f49e00000) (1024K)]
  0x000001f66abe7a30 JavaThread "Thread-10"                  daemon [_thread_in_native, id=4068, stack(0x0000004f49e00000,0x0000004f49f00000) (1024K)]
  0x000001f66abe9b00 JavaThread "Thread-11"                  daemon [_thread_in_native, id=7436, stack(0x0000004f49f00000,0x0000004f4a000000) (1024K)]
  0x000001f66abea190 JavaThread "Thread-12"                  daemon [_thread_in_native, id=24284, stack(0x0000004f4a000000,0x0000004f4a100000) (1024K)]
  0x000001f66abea820 JavaThread "Thread-13"                  daemon [_thread_in_native, id=23280, stack(0x0000004f4a100000,0x0000004f4a200000) (1024K)]
  0x000001f66abeb540 JavaThread "pool-2-thread-1"                   [_thread_blocked, id=8276, stack(0x0000004f4a200000,0x0000004f4a300000) (1024K)]
  0x000001f66abeaeb0 JavaThread "WorkspaceEventsHandler"            [_thread_blocked, id=10424, stack(0x0000004f4a400000,0x0000004f4a500000) (1024K)]
  0x000001f66abe80c0 JavaThread "pool-1-thread-1"                   [_thread_blocked, id=7300, stack(0x0000004f4a500000,0x0000004f4a600000) (1024K)]
  0x000001f66abe8750 JavaThread "Keep-Alive-Timer"           daemon [_thread_blocked, id=15364, stack(0x0000004f4a600000,0x0000004f4a700000) (1024K)]
Total: 45

Other Threads:
  0x000001f64cf84980 VMThread "VM Thread"                           [id=10488, stack(0x0000004f46e00000,0x0000004f46f00000) (1024K)]
  0x000001f64ce7ca10 WatcherThread "VM Periodic Task Thread"        [id=2012, stack(0x0000004f46d00000,0x0000004f46e00000) (1024K)]
  0x000001f64d012b60 WorkerThread "GC Thread#0"                     [id=11508, stack(0x0000004f46c00000,0x0000004f46d00000) (1024K)]
  0x000001f66a3fd1e0 WorkerThread "GC Thread#1"                     [id=4080, stack(0x0000004f47b00000,0x0000004f47c00000) (1024K)]
  0x000001f66a3fd590 WorkerThread "GC Thread#2"                     [id=18336, stack(0x0000004f47c00000,0x0000004f47d00000) (1024K)]
  0x000001f66a42a7c0 WorkerThread "GC Thread#3"                     [id=24320, stack(0x0000004f47d00000,0x0000004f47e00000) (1024K)]
  0x000001f66a447fe0 WorkerThread "GC Thread#4"                     [id=20468, stack(0x0000004f47e00000,0x0000004f47f00000) (1024K)]
  0x000001f66a448390 WorkerThread "GC Thread#5"                     [id=22040, stack(0x0000004f47f00000,0x0000004f48000000) (1024K)]
  0x000001f66a42ab70 WorkerThread "GC Thread#6"                     [id=12972, stack(0x0000004f48000000,0x0000004f48100000) (1024K)]
  0x000001f66a9f0860 WorkerThread "GC Thread#7"                     [id=3004, stack(0x0000004f47700000,0x0000004f47800000) (1024K)]
  0x000001f66a237e40 WorkerThread "GC Thread#8"                     [id=26204, stack(0x0000004f48600000,0x0000004f48700000) (1024K)]
  0x000001f66a146240 WorkerThread "GC Thread#9"                     [id=26996, stack(0x0000004f48700000,0x0000004f48800000) (1024K)]
Total: 12

Threads with active compile tasks:
C2 CompilerThread0  18800 6222       4       com.google.inject.TypeLiteral::<init> (43 bytes)
C1 CompilerThread0  18800 6241       3       com.google.inject.internal.InternalContext::getConstructionContext (36 bytes)
C2 CompilerThread1  18800 6200       4       jdk.internal.org.objectweb.asm.SymbolTable::addConstantMemberReference (147 bytes)
C2 CompilerThread2  18800 6014   !   4       org.eclipse.osgi.internal.loader.BundleLoader::findClass0 (490 bytes)
Total: 4

VM state: not at safepoint (normal execution)

VM Mutex/Monitor currently owned by a thread: None

Heap address: 0x0000000080000000, size: 2048 MB, Compressed Oops mode: 32-bit

CDS archive(s) mapped at: [0x000001f600000000-0x000001f600ba0000-0x000001f600ba0000), size 12189696, SharedBaseAddress: 0x000001f600000000, ArchiveRelocationMode: 1.
Compressed class space mapped at: 0x000001f601000000-0x000001f641000000, reserved size: 1073741824
Narrow klass base: 0x000001f600000000, Narrow klass shift: 0, Narrow klass range: 0x100000000

GC Precious Log:
 CardTable entry size: 512
 CPUs: 12 total, 12 available
 Memory: 15708M
 Large Page Support: Disabled
 NUMA Support: Disabled
 Compressed Oops: Enabled (32-bit)
 Alignments: Space 512K, Generation 512K, Heap 2M
 Heap Min Capacity: 100M
 Heap Initial Capacity: 100M
 Heap Max Capacity: 2G
 Pre-touch: Disabled
 Parallel Workers: 10

Heap:
 PSYoungGen      total 21504K, used 4694K [0x00000000d5580000, 0x00000000d6d00000, 0x0000000100000000)
  eden space 19968K, 16% used [0x00000000d5580000,0x00000000d58cdaf8,0x00000000d6900000)
  from space 1536K, 85% used [0x00000000d6900000,0x00000000d6a48000,0x00000000d6a80000)
  to   space 2048K, 0% used [0x00000000d6b00000,0x00000000d6b00000,0x00000000d6d00000)
 ParOldGen       total 68608K, used 25399K [0x0000000080000000, 0x0000000084300000, 0x00000000d5580000)
  object space 68608K, 37% used [0x0000000080000000,0x00000000818cdf68,0x0000000084300000)
 Metaspace       used 48311K, committed 49472K, reserved 1114112K
  class space    used 5362K, committed 5888K, reserved 1048576K

Card table byte_map: [0x000001f64c990000,0x000001f64cda0000] _byte_map_base: 0x000001f64c590000

Marking Bits: (ParMarkBitMap*) 0x00007ffceb624460
 Begin Bits: [0x000001f65f4a0000, 0x000001f6614a0000)
 End Bits:   [0x000001f6614a0000, 0x000001f6634a0000)

Polling page: 0x000001f64ac40000

Metaspace:

Usage:
  Non-class:     41.94 MB used.
      Class:      5.24 MB used.
       Both:     47.18 MB used.

Virtual space:
  Non-class space:       64.00 MB reserved,      42.56 MB ( 67%) committed,  1 nodes.
      Class space:        1.00 GB reserved,       5.75 MB ( <1%) committed,  1 nodes.
             Both:        1.06 GB reserved,      48.31 MB (  4%) committed. 

Chunk freelists:
   Non-Class:  5.33 MB
       Class:  10.22 MB
        Both:  15.55 MB

MaxMetaspaceSize: unlimited
CompressedClassSpaceSize: 1.00 GB
Initial GC threshold: 21.00 MB
Current GC threshold: 58.38 MB
CDS: on
 - commit_granule_bytes: 65536.
 - commit_granule_words: 8192.
 - virtual_space_node_default_size: 8388608.
 - enlarge_chunks_in_place: 1.
 - use_allocation_guard: 0.


Internal statistics:

num_allocs_failed_limit: 6.
num_arena_births: 814.
num_arena_deaths: 26.
num_vsnodes_births: 2.
num_vsnodes_deaths: 0.
num_space_committed: 773.
num_space_uncommitted: 0.
num_chunks_returned_to_freelist: 34.
num_chunks_taken_from_freelist: 2779.
num_chunk_merges: 8.
num_chunk_splits: 1719.
num_chunks_enlarged: 1001.
num_inconsistent_stats: 0.

CodeHeap 'non-profiled nmethods': size=120000Kb used=2732Kb max_used=2732Kb free=117268Kb
 bounds [0x000001f657cc0000, 0x000001f657f70000, 0x000001f65f1f0000]
CodeHeap 'profiled nmethods': size=120000Kb used=11203Kb max_used=11203Kb free=108796Kb
 bounds [0x000001f6501f0000, 0x000001f650cf0000, 0x000001f657720000]
CodeHeap 'non-nmethods': size=5760Kb used=1402Kb max_used=1491Kb free=4357Kb
 bounds [0x000001f657720000, 0x000001f657990000, 0x000001f657cc0000]
CodeCache: size=245760Kb, used=15337Kb, max_used=15426Kb, free=230421Kb
 total_blobs=6391, nmethods=5691, adapters=606, full_count=0
Compilation: enabled, stopped_count=0, restarted_count=0

Compilation events (20 events):
Event: 18.534 Thread 0x000001f664cf52f0 nmethod 6026 0x000001f657f53c10 code [0x000001f657f53da0, 0x000001f657f53e50]
Event: 18.534 Thread 0x000001f664cf52f0 6027       3       com.google.common.collect.LinkedHashMultimap$ValueSet::mask (8 bytes)
Event: 18.534 Thread 0x000001f664cf52f0 nmethod 6027 0x000001f650c76710 code [0x000001f650c768a0, 0x000001f650c769b8]
Event: 18.534 Thread 0x000001f664cf52f0 6028       3       com.google.common.collect.AbstractSetMultimap::wrapCollection (14 bytes)
Event: 18.535 Thread 0x000001f664cf52f0 nmethod 6028 0x000001f650c76a90 code [0x000001f650c76c40, 0x000001f650c76f08]
Event: 18.535 Thread 0x000001f664e57dd0 6029       4       java.util.LinkedHashMap$LinkedHashIterator::<init> (47 bytes)
Event: 18.535 Thread 0x000001f664cf52f0 6030       3       com.google.inject.internal.ProvisionListenerStackCallback::hasListeners (14 bytes)
Event: 18.535 Thread 0x000001f664cf52f0 nmethod 6030 0x000001f650c77010 code [0x000001f650c771c0, 0x000001f650c77328]
Event: 18.535 Thread 0x000001f664cf52f0 6031       3       java.lang.Integer::highestOneBit (10 bytes)
Event: 18.535 Thread 0x000001f664cf52f0 nmethod 6031 0x000001f650c77410 code [0x000001f650c775c0, 0x000001f650c776e8]
Event: 18.535 Thread 0x000001f664cf52f0 6033       3       com.google.common.collect.AbstractMapBasedMultimap$AsMap$AsMapIterator::hasNext (10 bytes)
Event: 18.536 Thread 0x000001f664cf52f0 nmethod 6033 0x000001f650c77790 code [0x000001f650c77940, 0x000001f650c77b18]
Event: 18.536 Thread 0x000001f664cf52f0 6035       3       com.google.common.collect.AbstractMapBasedMultimap$WrappedCollection::<init> (44 bytes)
Event: 18.536 Thread 0x000001f664cf52f0 nmethod 6035 0x000001f650c77c10 code [0x000001f650c77dc0, 0x000001f650c780e0]
Event: 18.536 Thread 0x000001f664cf52f0 6036       3       com.google.common.collect.AbstractMapBasedMultimap$WrappedCollection::refreshIfEmpty (78 bytes)
Event: 18.536 Thread 0x000001f664e57dd0 nmethod 6029 0x000001f657f53f10 code [0x000001f657f540a0, 0x000001f657f541a8]
Event: 18.537 Thread 0x000001f664cf52f0 nmethod 6036 0x000001f650c78210 code [0x000001f650c78420, 0x000001f650c78b30]
Event: 18.537 Thread 0x000001f664cf52f0 6037       3       com.google.inject.internal.CycleDetectingLock$CycleDetectingLockFactory$ReentrantCycleDetectingLock::checkState (121 bytes)
Event: 18.539 Thread 0x000001f664cf52f0 nmethod 6037 0x000001f650c78d90 code [0x000001f650c79160, 0x000001f650c7ab78]
Event: 18.539 Thread 0x000001f664cf52f0 6034       3       com.google.common.collect.LinkedHashMultimap$ValueEntry::matchesValue (25 bytes)

GC Heap History (20 events):
Event: 16.054 GC heap before
{Heap before GC invocations=11 (full 1):
 PSYoungGen      total 26112K, used 26095K [0x00000000d5580000, 0x00000000d7380000, 0x0000000100000000)
  eden space 23552K, 100% used [0x00000000d5580000,0x00000000d6c80000,0x00000000d6c80000)
  from space 2560K, 99% used [0x00000000d6f00000,0x00000000d717bf00,0x00000000d7180000)
  to   space 2048K, 0% used [0x00000000d7180000,0x00000000d7180000,0x00000000d7380000)
 ParOldGen       total 68608K, used 13182K [0x0000000080000000, 0x0000000084300000, 0x00000000d5580000)
  object space 68608K, 19% used [0x0000000080000000,0x0000000080cdfaf8,0x0000000084300000)
 Metaspace       used 28585K, committed 29440K, reserved 1114112K
  class space    used 2812K, committed 3136K, reserved 1048576K
}
Event: 16.056 GC heap after
{Heap after GC invocations=11 (full 1):
 PSYoungGen      total 25088K, used 2016K [0x00000000d5580000, 0x00000000d7400000, 0x0000000100000000)
  eden space 23040K, 0% used [0x00000000d5580000,0x00000000d5580000,0x00000000d6c00000)
  from space 2048K, 98% used [0x00000000d7180000,0x00000000d73780f0,0x00000000d7380000)
  to   space 4096K, 0% used [0x00000000d6c00000,0x00000000d6c00000,0x00000000d7000000)
 ParOldGen       total 68608K, used 14560K [0x0000000080000000, 0x0000000084300000, 0x00000000d5580000)
  object space 68608K, 21% used [0x0000000080000000,0x0000000080e38228,0x0000000084300000)
 Metaspace       used 28585K, committed 29440K, reserved 1114112K
  class space    used 2812K, committed 3136K, reserved 1048576K
}
Event: 16.372 GC heap before
{Heap before GC invocations=12 (full 1):
 PSYoungGen      total 25088K, used 25056K [0x00000000d5580000, 0x00000000d7400000, 0x0000000100000000)
  eden space 23040K, 100% used [0x00000000d5580000,0x00000000d6c00000,0x00000000d6c00000)
  from space 2048K, 98% used [0x00000000d7180000,0x00000000d73780f0,0x00000000d7380000)
  to   space 4096K, 0% used [0x00000000d6c00000,0x00000000d6c00000,0x00000000d7000000)
 ParOldGen       total 68608K, used 14560K [0x0000000080000000, 0x0000000084300000, 0x00000000d5580000)
  object space 68608K, 21% used [0x0000000080000000,0x0000000080e38228,0x0000000084300000)
 Metaspace       used 31641K, committed 32704K, reserved 1114112K
  class space    used 3198K, committed 3648K, reserved 1048576K
}
Event: 16.376 GC heap after
{Heap after GC invocations=12 (full 1):
 PSYoungGen      total 24576K, used 1708K [0x00000000d5580000, 0x00000000d7200000, 0x0000000100000000)
  eden space 22528K, 0% used [0x00000000d5580000,0x00000000d5580000,0x00000000d6b80000)
  from space 2048K, 83% used [0x00000000d6c00000,0x00000000d6dab130,0x00000000d6e00000)
  to   space 2560K, 0% used [0x00000000d6f80000,0x00000000d6f80000,0x00000000d7200000)
 ParOldGen       total 68608K, used 16561K [0x0000000080000000, 0x0000000084300000, 0x00000000d5580000)
  object space 68608K, 24% used [0x0000000080000000,0x000000008102c410,0x0000000084300000)
 Metaspace       used 31641K, committed 32704K, reserved 1114112K
  class space    used 3198K, committed 3648K, reserved 1048576K
}
Event: 16.559 GC heap before
{Heap before GC invocations=13 (full 1):
 PSYoungGen      total 24576K, used 24236K [0x00000000d5580000, 0x00000000d7200000, 0x0000000100000000)
  eden space 22528K, 100% used [0x00000000d5580000,0x00000000d6b80000,0x00000000d6b80000)
  from space 2048K, 83% used [0x00000000d6c00000,0x00000000d6dab130,0x00000000d6e00000)
  to   space 2560K, 0% used [0x00000000d6f80000,0x00000000d6f80000,0x00000000d7200000)
 ParOldGen       total 68608K, used 16561K [0x0000000080000000, 0x0000000084300000, 0x00000000d5580000)
  object space 68608K, 24% used [0x0000000080000000,0x000000008102c410,0x0000000084300000)
 Metaspace       used 34564K, committed 35648K, reserved 1114112K
  class space    used 3571K, committed 4032K, reserved 1048576K
}
Event: 16.564 GC heap after
{Heap after GC invocations=13 (full 1):
 PSYoungGen      total 23552K, used 2539K [0x00000000d5580000, 0x00000000d7600000, 0x0000000100000000)
  eden space 20992K, 0% used [0x00000000d5580000,0x00000000d5580000,0x00000000d6a00000)
  from space 2560K, 99% used [0x00000000d6f80000,0x00000000d71fac78,0x00000000d7200000)
  to   space 5632K, 0% used [0x00000000d6a00000,0x00000000d6a00000,0x00000000d6f80000)
 ParOldGen       total 68608K, used 19000K [0x0000000080000000, 0x0000000084300000, 0x00000000d5580000)
  object space 68608K, 27% used [0x0000000080000000,0x000000008128e320,0x0000000084300000)
 Metaspace       used 34564K, committed 35648K, reserved 1114112K
  class space    used 3571K, committed 4032K, reserved 1048576K
}
Event: 16.611 GC heap before
{Heap before GC invocations=14 (full 1):
 PSYoungGen      total 23552K, used 5437K [0x00000000d5580000, 0x00000000d7600000, 0x0000000100000000)
  eden space 20992K, 13% used [0x00000000d5580000,0x00000000d5854790,0x00000000d6a00000)
  from space 2560K, 99% used [0x00000000d6f80000,0x00000000d71fac78,0x00000000d7200000)
  to   space 5632K, 0% used [0x00000000d6a00000,0x00000000d6a00000,0x00000000d6f80000)
 ParOldGen       total 68608K, used 19000K [0x0000000080000000, 0x0000000084300000, 0x00000000d5580000)
  object space 68608K, 27% used [0x0000000080000000,0x000000008128e320,0x0000000084300000)
 Metaspace       used 34708K, committed 35840K, reserved 1114112K
  class space    used 3596K, committed 4096K, reserved 1048576K
}
Event: 16.613 GC heap after
{Heap after GC invocations=14 (full 1):
 PSYoungGen      total 22016K, used 544K [0x00000000d5580000, 0x00000000d7000000, 0x0000000100000000)
  eden space 20992K, 0% used [0x00000000d5580000,0x00000000d5580000,0x00000000d6a00000)
  from space 1024K, 53% used [0x00000000d6a00000,0x00000000d6a88000,0x00000000d6b00000)
  to   space 2560K, 0% used [0x00000000d6d80000,0x00000000d6d80000,0x00000000d7000000)
 ParOldGen       total 68608K, used 21683K [0x0000000080000000, 0x0000000084300000, 0x00000000d5580000)
  object space 68608K, 31% used [0x0000000080000000,0x000000008152cc80,0x0000000084300000)
 Metaspace       used 34708K, committed 35840K, reserved 1114112K
  class space    used 3596K, committed 4096K, reserved 1048576K
}
Event: 16.613 GC heap before
{Heap before GC invocations=15 (full 2):
 PSYoungGen      total 22016K, used 544K [0x00000000d5580000, 0x00000000d7000000, 0x0000000100000000)
  eden space 20992K, 0% used [0x00000000d5580000,0x00000000d5580000,0x00000000d6a00000)
  from space 1024K, 53% used [0x00000000d6a00000,0x00000000d6a88000,0x00000000d6b00000)
  to   space 2560K, 0% used [0x00000000d6d80000,0x00000000d6d80000,0x00000000d7000000)
 ParOldGen       total 68608K, used 21683K [0x0000000080000000, 0x0000000084300000, 0x00000000d5580000)
  object space 68608K, 31% used [0x0000000080000000,0x000000008152cc80,0x0000000084300000)
 Metaspace       used 34708K, committed 35840K, reserved 1114112K
  class space    used 3596K, committed 4096K, reserved 1048576K
}
Event: 16.660 GC heap after
{Heap after GC invocations=15 (full 2):
 PSYoungGen      total 22016K, used 0K [0x00000000d5580000, 0x00000000d7000000, 0x0000000100000000)
  eden space 20992K, 0% used [0x00000000d5580000,0x00000000d5580000,0x00000000d6a00000)
  from space 1024K, 0% used [0x00000000d6a00000,0x00000000d6a00000,0x00000000d6b00000)
  to   space 2560K, 0% used [0x00000000d6d80000,0x00000000d6d80000,0x00000000d7000000)
 ParOldGen       total 68608K, used 20011K [0x0000000080000000, 0x0000000084300000, 0x00000000d5580000)
  object space 68608K, 29% used [0x0000000080000000,0x000000008138af90,0x0000000084300000)
 Metaspace       used 34698K, committed 35840K, reserved 1114112K
  class space    used 3593K, committed 4096K, reserved 1048576K
}
Event: 16.872 GC heap before
{Heap before GC invocations=16 (full 2):
 PSYoungGen      total 22016K, used 20992K [0x00000000d5580000, 0x00000000d7000000, 0x0000000100000000)
  eden space 20992K, 100% used [0x00000000d5580000,0x00000000d6a00000,0x00000000d6a00000)
  from space 1024K, 0% used [0x00000000d6a00000,0x00000000d6a00000,0x00000000d6b00000)
  to   space 2560K, 0% used [0x00000000d6d80000,0x00000000d6d80000,0x00000000d7000000)
 ParOldGen       total 68608K, used 20011K [0x0000000080000000, 0x0000000084300000, 0x00000000d5580000)
  object space 68608K, 29% used [0x0000000080000000,0x000000008138af90,0x0000000084300000)
 Metaspace       used 37773K, committed 38848K, reserved 1114112K
  class space    used 3982K, committed 4416K, reserved 1048576K
}
Event: 16.875 GC heap after
{Heap after GC invocations=16 (full 2):
 PSYoungGen      total 22528K, used 1168K [0x00000000d5580000, 0x00000000d6f00000, 0x0000000100000000)
  eden space 20992K, 0% used [0x00000000d5580000,0x00000000d5580000,0x00000000d6a00000)
  from space 1536K, 76% used [0x00000000d6d80000,0x00000000d6ea4010,0x00000000d6f00000)
  to   space 1536K, 0% used [0x00000000d6c00000,0x00000000d6c00000,0x00000000d6d80000)
 ParOldGen       total 68608K, used 20019K [0x0000000080000000, 0x0000000084300000, 0x00000000d5580000)
  object space 68608K, 29% used [0x0000000080000000,0x000000008138cf90,0x0000000084300000)
 Metaspace       used 37773K, committed 38848K, reserved 1114112K
  class space    used 3982K, committed 4416K, reserved 1048576K
}
Event: 17.031 GC heap before
{Heap before GC invocations=17 (full 2):
 PSYoungGen      total 22528K, used 22160K [0x00000000d5580000, 0x00000000d6f00000, 0x0000000100000000)
  eden space 20992K, 100% used [0x00000000d5580000,0x00000000d6a00000,0x00000000d6a00000)
  from space 1536K, 76% used [0x00000000d6d80000,0x00000000d6ea4010,0x00000000d6f00000)
  to   space 1536K, 0% used [0x00000000d6c00000,0x00000000d6c00000,0x00000000d6d80000)
 ParOldGen       total 68608K, used 20019K [0x0000000080000000, 0x0000000084300000, 0x00000000d5580000)
  object space 68608K, 29% used [0x0000000080000000,0x000000008138cf90,0x0000000084300000)
 Metaspace       used 39750K, committed 40896K, reserved 1114112K
  class space    used 4267K, committed 4736K, reserved 1048576K
}
Event: 17.033 GC heap after
{Heap after GC invocations=17 (full 2):
 PSYoungGen      total 22528K, used 1097K [0x00000000d5580000, 0x00000000d6e00000, 0x0000000100000000)
  eden space 20992K, 0% used [0x00000000d5580000,0x00000000d5580000,0x00000000d6a00000)
  from space 1536K, 71% used [0x00000000d6c00000,0x00000000d6d12460,0x00000000d6d80000)
  to   space 512K, 0% used [0x00000000d6d80000,0x00000000d6d80000,0x00000000d6e00000)
 ParOldGen       total 68608K, used 20911K [0x0000000080000000, 0x0000000084300000, 0x00000000d5580000)
  object space 68608K, 30% used [0x0000000080000000,0x000000008146bfa0,0x0000000084300000)
 Metaspace       used 39750K, committed 40896K, reserved 1114112K
  class space    used 4267K, committed 4736K, reserved 1048576K
}
Event: 17.290 GC heap before
{Heap before GC invocations=18 (full 2):
 PSYoungGen      total 22528K, used 22088K [0x00000000d5580000, 0x00000000d6e00000, 0x0000000100000000)
  eden space 20992K, 99% used [0x00000000d5580000,0x00000000d69ffbd0,0x00000000d6a00000)
  from space 1536K, 71% used [0x00000000d6c00000,0x00000000d6d12460,0x00000000d6d80000)
  to   space 512K, 0% used [0x00000000d6d80000,0x00000000d6d80000,0x00000000d6e00000)
 ParOldGen       total 68608K, used 20911K [0x0000000080000000, 0x0000000084300000, 0x00000000d5580000)
  object space 68608K, 30% used [0x0000000080000000,0x000000008146bfa0,0x0000000084300000)
 Metaspace       used 41765K, committed 42816K, reserved 1114112K
  class space    used 4496K, committed 4928K, reserved 1048576K
}
Event: 17.293 GC heap after
{Heap after GC invocations=18 (full 2):
 PSYoungGen      total 21504K, used 507K [0x00000000d5580000, 0x00000000d6e00000, 0x0000000100000000)
  eden space 20992K, 0% used [0x00000000d5580000,0x00000000d5580000,0x00000000d6a00000)
  from space 512K, 99% used [0x00000000d6d80000,0x00000000d6dfedb0,0x00000000d6e00000)
  to   space 2048K, 0% used [0x00000000d6a00000,0x00000000d6a00000,0x00000000d6c00000)
 ParOldGen       total 68608K, used 22138K [0x0000000080000000, 0x0000000084300000, 0x00000000d5580000)
  object space 68608K, 32% used [0x0000000080000000,0x000000008159eb08,0x0000000084300000)
 Metaspace       used 41765K, committed 42816K, reserved 1114112K
  class space    used 4496K, committed 4928K, reserved 1048576K
}
Event: 17.603 GC heap before
{Heap before GC invocations=19 (full 2):
 PSYoungGen      total 21504K, used 21499K [0x00000000d5580000, 0x00000000d6e00000, 0x0000000100000000)
  eden space 20992K, 100% used [0x00000000d5580000,0x00000000d6a00000,0x00000000d6a00000)
  from space 512K, 99% used [0x00000000d6d80000,0x00000000d6dfedb0,0x00000000d6e00000)
  to   space 2048K, 0% used [0x00000000d6a00000,0x00000000d6a00000,0x00000000d6c00000)
 ParOldGen       total 68608K, used 22138K [0x0000000080000000, 0x0000000084300000, 0x00000000d5580000)
  object space 68608K, 32% used [0x0000000080000000,0x000000008159eb08,0x0000000084300000)
 Metaspace       used 43591K, committed 44736K, reserved 1114112K
  class space    used 4742K, committed 5248K, reserved 1048576K
}
Event: 17.606 GC heap after
{Heap after GC invocations=19 (full 2):
 PSYoungGen      total 23040K, used 1261K [0x00000000d5580000, 0x00000000d6e00000, 0x0000000100000000)
  eden space 20992K, 0% used [0x00000000d5580000,0x00000000d5580000,0x00000000d6a00000)
  from space 2048K, 61% used [0x00000000d6a00000,0x00000000d6b3b520,0x00000000d6c00000)
  to   space 1536K, 0% used [0x00000000d6c80000,0x00000000d6c80000,0x00000000d6e00000)
 ParOldGen       total 68608K, used 22600K [0x0000000080000000, 0x0000000084300000, 0x00000000d5580000)
  object space 68608K, 32% used [0x0000000080000000,0x00000000816121e0,0x0000000084300000)
 Metaspace       used 43591K, committed 44736K, reserved 1114112K
  class space    used 4742K, committed 5248K, reserved 1048576K
}
Event: 18.016 GC heap before
{Heap before GC invocations=20 (full 2):
 PSYoungGen      total 23040K, used 22253K [0x00000000d5580000, 0x00000000d6e00000, 0x0000000100000000)
  eden space 20992K, 100% used [0x00000000d5580000,0x00000000d6a00000,0x00000000d6a00000)
  from space 2048K, 61% used [0x00000000d6a00000,0x00000000d6b3b520,0x00000000d6c00000)
  to   space 1536K, 0% used [0x00000000d6c80000,0x00000000d6c80000,0x00000000d6e00000)
 ParOldGen       total 68608K, used 22600K [0x0000000080000000, 0x0000000084300000, 0x00000000d5580000)
  object space 68608K, 32% used [0x0000000080000000,0x00000000816121e0,0x0000000084300000)
 Metaspace       used 45654K, committed 46848K, reserved 1114112K
  class space    used 5005K, committed 5504K, reserved 1048576K
}
Event: 18.019 GC heap after
{Heap after GC invocations=20 (full 2):
 PSYoungGen      total 21504K, used 1536K [0x00000000d5580000, 0x00000000d7100000, 0x0000000100000000)
  eden space 19968K, 0% used [0x00000000d5580000,0x00000000d5580000,0x00000000d6900000)
  from space 1536K, 100% used [0x00000000d6c80000,0x00000000d6e00000,0x00000000d6e00000)
  to   space 3584K, 0% used [0x00000000d6900000,0x00000000d6900000,0x00000000d6c80000)
 ParOldGen       total 68608K, used 23872K [0x0000000080000000, 0x0000000084300000, 0x00000000d5580000)
  object space 68608K, 34% used [0x0000000080000000,0x0000000081750268,0x0000000084300000)
 Metaspace       used 45654K, committed 46848K, reserved 1114112K
  class space    used 5005K, committed 5504K, reserved 1048576K
}

Dll operation events (12 events):
Event: 0.562 Loaded shared library c:\Users\sarik\.vscode\extensions\redhat.java-1.55.0-win32-x64\jre\21.0.11-win32-x86_64\bin\java.dll
Event: 0.647 Loaded shared library c:\Users\sarik\.vscode\extensions\redhat.java-1.55.0-win32-x64\jre\21.0.11-win32-x86_64\bin\zip.dll
Event: 0.673 Loaded shared library C:\Users\sarik\.vscode\extensions\redhat.java-1.55.0-win32-x64\jre\21.0.11-win32-x86_64\bin\instrument.dll
Event: 0.681 Loaded shared library C:\Users\sarik\.vscode\extensions\redhat.java-1.55.0-win32-x64\jre\21.0.11-win32-x86_64\bin\net.dll
Event: 0.686 Loaded shared library C:\Users\sarik\.vscode\extensions\redhat.java-1.55.0-win32-x64\jre\21.0.11-win32-x86_64\bin\nio.dll
Event: 0.690 Loaded shared library C:\Users\sarik\.vscode\extensions\redhat.java-1.55.0-win32-x64\jre\21.0.11-win32-x86_64\bin\zip.dll
Event: 0.712 Loaded shared library C:\Users\sarik\.vscode\extensions\redhat.java-1.55.0-win32-x64\jre\21.0.11-win32-x86_64\bin\jimage.dll
Event: 0.819 Loaded shared library c:\Users\sarik\.vscode\extensions\redhat.java-1.55.0-win32-x64\jre\21.0.11-win32-x86_64\bin\verify.dll
Event: 5.631 Loaded shared library C:\Users\sarik\AppData\Roaming\Code\User\globalStorage\redhat.java\1.55.0\config_win\org.eclipse.equinox.launcher\org.eclipse.equinox.launcher.win32.win32.x86_64_1.3.100.v20260613-0559\eclipse_11924.dll
Event: 14.440 Loaded shared library C:\Users\sarik\AppData\Local\Temp\jna-109207558\jna11856562477382315764.dll
Event: 16.397 Loaded shared library C:\Users\sarik\.vscode\extensions\redhat.java-1.55.0-win32-x64\jre\21.0.11-win32-x86_64\bin\sunmscapi.dll
Event: 16.874 Loaded shared library C:\Users\sarik\.vscode\extensions\redhat.java-1.55.0-win32-x64\jre\21.0.11-win32-x86_64\bin\extnet.dll

Deoptimization events (20 events):
Event: 18.286 Thread 0x000001f66a6fe100 Uncommon trap: trap_request=0xffffff45 fr.pc=0x000001f657cd0e34 relative=0x0000000000000a54
Event: 18.286 Thread 0x000001f66a6fe100 Uncommon trap: reason=unstable_if action=reinterpret pc=0x000001f657cd0e34 method=java.util.TreeMap.put(Ljava/lang/Object;Ljava/lang/Object;Z)Ljava/lang/Object; @ 158 c2
Event: 18.286 Thread 0x000001f66a6fe100 DEOPT PACKING pc=0x000001f657cd0e34 sp=0x0000004f48cfdc20
Event: 18.286 Thread 0x000001f66a6fe100 DEOPT UNPACKING pc=0x000001f657773aa2 sp=0x0000004f48cfdba0 mode 2
Event: 18.451 Thread 0x000001f66a6fe100 Uncommon trap: trap_request=0xffffffbe fr.pc=0x000001f657f4d6c4 relative=0x0000000000000364
Event: 18.451 Thread 0x000001f66a6fe100 Uncommon trap: reason=profile_predicate action=maybe_recompile pc=0x000001f657f4d6c4 method=com.google.inject.internal.aop.ImmutableStringTrie.nextPivotColumn([Ljava/lang/String;III)I @ 21 c2
Event: 18.451 Thread 0x000001f66a6fe100 DEOPT PACKING pc=0x000001f657f4d6c4 sp=0x0000004f48cfd9e0
Event: 18.451 Thread 0x000001f66a6fe100 DEOPT UNPACKING pc=0x000001f657773aa2 sp=0x0000004f48cfd970 mode 2
Event: 18.452 Thread 0x000001f66a6fe100 Uncommon trap: trap_request=0xffffffbe fr.pc=0x000001f657f4d6c4 relative=0x0000000000000364
Event: 18.452 Thread 0x000001f66a6fe100 Uncommon trap: reason=profile_predicate action=maybe_recompile pc=0x000001f657f4d6c4 method=com.google.inject.internal.aop.ImmutableStringTrie.nextPivotColumn([Ljava/lang/String;III)I @ 21 c2
Event: 18.452 Thread 0x000001f66a6fe100 DEOPT PACKING pc=0x000001f657f4d6c4 sp=0x0000004f48cfd7c0
Event: 18.452 Thread 0x000001f66a6fe100 DEOPT UNPACKING pc=0x000001f657773aa2 sp=0x0000004f48cfd750 mode 2
Event: 18.453 Thread 0x000001f66a6fe100 Uncommon trap: trap_request=0xffffffbe fr.pc=0x000001f657f4d6c4 relative=0x0000000000000364
Event: 18.453 Thread 0x000001f66a6fe100 Uncommon trap: reason=profile_predicate action=maybe_recompile pc=0x000001f657f4d6c4 method=com.google.inject.internal.aop.ImmutableStringTrie.nextPivotColumn([Ljava/lang/String;III)I @ 21 c2
Event: 18.453 Thread 0x000001f66a6fe100 DEOPT PACKING pc=0x000001f657f4d6c4 sp=0x0000004f48cfd8d0
Event: 18.453 Thread 0x000001f66a6fe100 DEOPT UNPACKING pc=0x000001f657773aa2 sp=0x0000004f48cfd860 mode 2
Event: 18.454 Thread 0x000001f66a6fe100 Uncommon trap: trap_request=0xffffffbe fr.pc=0x000001f657f4d6c4 relative=0x0000000000000364
Event: 18.454 Thread 0x000001f66a6fe100 Uncommon trap: reason=profile_predicate action=maybe_recompile pc=0x000001f657f4d6c4 method=com.google.inject.internal.aop.ImmutableStringTrie.nextPivotColumn([Ljava/lang/String;III)I @ 21 c2
Event: 18.454 Thread 0x000001f66a6fe100 DEOPT PACKING pc=0x000001f657f4d6c4 sp=0x0000004f48cfd9e0
Event: 18.454 Thread 0x000001f66a6fe100 DEOPT UNPACKING pc=0x000001f657773aa2 sp=0x0000004f48cfd970 mode 2

Classes loaded (20 events):
Event: 17.575 Loading class sun/reflect/generics/tree/VoidDescriptor
Event: 17.575 Loading class sun/reflect/generics/tree/VoidDescriptor done
Event: 17.603 Loading class sun/net/www/http/KeepAliveCache$1
Event: 17.603 Loading class sun/net/www/http/KeepAliveCache$1 done
Event: 17.608 Loading class sun/net/www/http/KeepAliveCache$ClientVector
Event: 17.609 Loading class sun/net/www/http/KeepAliveCache$ClientVector done
Event: 17.611 Loading class sun/net/www/http/KeepAliveEntry
Event: 17.611 Loading class sun/net/www/http/KeepAliveEntry done
Event: 17.617 Loading class java/io/UncheckedIOException
Event: 17.617 Loading class java/io/UncheckedIOException done
Event: 17.828 Loading class java/util/concurrent/CompletionService
Event: 17.828 Loading class java/util/concurrent/CompletionService done
Event: 17.870 Loading class java/nio/channels/ServerSocketChannel
Event: 17.870 Loading class java/nio/channels/ServerSocketChannel done
Event: 18.087 Loading class java/lang/ExceptionInInitializerError
Event: 18.087 Loading class java/lang/ExceptionInInitializerError done
Event: 18.088 Loading class sun/misc/Unsafe
Event: 18.088 Loading class sun/misc/Unsafe done
Event: 18.109 Loading class jdk/internal/org/objectweb/asm/ClassReader
Event: 18.111 Loading class jdk/internal/org/objectweb/asm/ClassReader done

Classes unloaded (13 events):
Event: 15.183 Thread 0x000001f64cf84980 Unloading class 0x000001f6011a4800 'java/lang/invoke/LambdaForm$MH+0x000001f6011a4800'
Event: 15.183 Thread 0x000001f64cf84980 Unloading class 0x000001f6011a4400 'java/lang/invoke/LambdaForm$MH+0x000001f6011a4400'
Event: 15.183 Thread 0x000001f64cf84980 Unloading class 0x000001f6011a4000 'java/lang/invoke/LambdaForm$MH+0x000001f6011a4000'
Event: 15.183 Thread 0x000001f64cf84980 Unloading class 0x000001f6011a3c00 'java/lang/invoke/LambdaForm$MH+0x000001f6011a3c00'
Event: 15.183 Thread 0x000001f64cf84980 Unloading class 0x000001f6011a3800 'java/lang/invoke/LambdaForm$BMH+0x000001f6011a3800'
Event: 15.183 Thread 0x000001f64cf84980 Unloading class 0x000001f6011a3400 'java/lang/invoke/LambdaForm$DMH+0x000001f6011a3400'
Event: 15.183 Thread 0x000001f64cf84980 Unloading class 0x000001f6011a2000 'java/lang/invoke/LambdaForm$DMH+0x000001f6011a2000'
Event: 16.620 Thread 0x000001f64cf84980 Unloading class 0x000001f60133a400 'java/lang/invoke/LambdaForm$MH+0x000001f60133a400'
Event: 16.620 Thread 0x000001f64cf84980 Unloading class 0x000001f601339800 'java/lang/invoke/LambdaForm$MH+0x000001f601339800'
Event: 16.620 Thread 0x000001f64cf84980 Unloading class 0x000001f601339000 'java/lang/invoke/LambdaForm$MH+0x000001f601339000'
Event: 16.620 Thread 0x000001f64cf84980 Unloading class 0x000001f601338800 'java/lang/invoke/LambdaForm$MH+0x000001f601338800'
Event: 16.620 Thread 0x000001f64cf84980 Unloading class 0x000001f601338400 'java/lang/invoke/LambdaForm$DMH+0x000001f601338400'
Event: 16.620 Thread 0x000001f64cf84980 Unloading class 0x000001f601333800 'java/lang/invoke/LambdaForm$MH+0x000001f601333800'

Classes redefined (0 events):
No events

Internal exceptions (20 events):
Event: 16.235 Thread 0x000001f66a6ff4b0 Exception <a 'java/lang/NoSuchMethodError'{0x00000000d5cf7538}: 'int java.lang.invoke.Invokers$Holder.linkToTargetMethod(java.lang.Object, java.lang.Object, java.lang.Object)'> (0x00000000d5cf7538) 
thrown [s\src\hotspot\share\interpreter\linkResolver.cpp, line 773]
Event: 16.249 Thread 0x000001f66a7080e0 Exception <a 'java/io/FileNotFoundException'{0x00000000d5d92c90}> (0x00000000d5d92c90) 
thrown [s\src\hotspot\share\prims\jni.cpp, line 520]
Event: 16.257 Thread 0x000001f66a7080e0 Exception <a 'java/lang/UnsatisfiedLinkError'{0x00000000d5e70b48}: The specified procedure could not be found.
> (0x00000000d5e70b48) 
thrown [s\src\hotspot\share\prims\jni.cpp, line 539]
Event: 16.284 Thread 0x000001f66a6fe100 Exception <a 'java/lang/NoSuchMethodError'{0x00000000d5f900c8}: 'java.lang.Object java.lang.invoke.DirectMethodHandle$Holder.invokeSpecialIFC(java.lang.Object, java.lang.Object, java.lang.Object, java.lang.Object)'> (0x00000000d5f900c8) 
thrown [s\src\hotspot\share\interpreter\linkResolver.cpp, line 773]
Event: 16.396 Thread 0x000001f64cff4b90 Exception <a 'java/lang/NoSuchMethodError'{0x00000000d580bea8}: 'java.lang.Object java.lang.invoke.DirectMethodHandle$Holder.invokeStatic(java.lang.Object, long, java.lang.Object)'> (0x00000000d580bea8) 
thrown [s\src\hotspot\share\interpreter\linkResolver.cpp, line 773]
Event: 16.398 Thread 0x000001f64cff4b90 Exception <a 'java/lang/NoSuchMethodError'{0x00000000d580f540}: 'java.lang.Object java.lang.invoke.DirectMethodHandle$Holder.invokeStaticInit(java.lang.Object, long, java.lang.Object)'> (0x00000000d580f540) 
thrown [s\src\hotspot\share\interpreter\linkResolver.cpp, line 773]
Event: 16.400 Thread 0x000001f64cff4b90 Exception <a 'java/lang/NoSuchMethodError'{0x00000000d588bf00}: 'java.lang.Object java.lang.invoke.DirectMethodHandle$Holder.newInvokeSpecial(java.lang.Object, long)'> (0x00000000d588bf00) 
thrown [s\src\hotspot\share\interpreter\linkResolver.cpp, line 773]
Event: 16.440 Thread 0x000001f66a7001d0 Exception <a 'sun/nio/fs/WindowsException'{0x00000000d5cd4560}> (0x00000000d5cd4560) 
thrown [s\src\hotspot\share\prims\jni.cpp, line 520]
Event: 16.820 Thread 0x000001f66a6fe100 Exception <a 'java/lang/NoClassDefFoundError'{0x00000000d65d6880}: javax/enterprise/inject/Typed> (0x00000000d65d6880) 
thrown [s\src\hotspot\share\classfile\systemDictionary.cpp, line 302]
Event: 16.930 Thread 0x000001f64cff4b90 Exception <a 'java/lang/NoSuchMethodError'{0x00000000d5d4ed58}: 'void java.lang.invoke.DirectMethodHandle$Holder.invokeSpecial(java.lang.Object, java.lang.Object, java.lang.Object, java.lang.Object, java.lang.Object, java.lang.Object)'> (0x00000000d5d4ed58) 
thrown [s\src\hotspot\share\interpreter\linkResolver.cpp, line 773]
Event: 16.932 Thread 0x000001f64cff4b90 Exception <a 'java/lang/IncompatibleClassChangeError'{0x00000000d5d565e8}: Found class java.lang.Object, but interface was expected> (0x00000000d5d565e8) 
thrown [s\src\hotspot\share\interpreter\linkResolver.cpp, line 840]
Event: 16.932 Thread 0x000001f64cff4b90 Exception <a 'java/lang/IncompatibleClassChangeError'{0x00000000d5d577a0}: Found class java.lang.Object, but interface was expected> (0x00000000d5d577a0) 
thrown [s\src\hotspot\share\interpreter\linkResolver.cpp, line 840]
Event: 17.644 Thread 0x000001f66a7001d0 Exception <a 'java/lang/NoSuchMethodError'{0x00000000d5950430}: 'void java.lang.invoke.DirectMethodHandle$Holder.invokeStaticInit(java.lang.Object, java.lang.Object, java.lang.Object, java.lang.Object)'> (0x00000000d5950430) 
thrown [s\src\hotspot\share\interpreter\linkResolver.cpp, line 773]
Event: 18.081 Thread 0x000001f66a6fe100 Exception <a 'java/lang/NoSuchMethodError'{0x00000000d5884cd8}: 'void java.lang.invoke.DirectMethodHandle$Holder.invokeStaticInit(java.lang.Object, java.lang.Object, java.lang.Object)'> (0x00000000d5884cd8) 
thrown [s\src\hotspot\share\interpreter\linkResolver.cpp, line 773]
Event: 18.089 Thread 0x000001f66a6fe100 Exception <a 'java/lang/ExceptionInInitializerError'{0x00000000d58c75a0}> (0x00000000d58c75a0) 
thrown [s\src\hotspot\share\oops\instanceKlass.cpp, line 1218]
Event: 18.105 Thread 0x000001f66a6fe100 Implicit null exception at 0x000001f657ea8ef7 to 0x000001f657ea9168
Event: 18.105 Thread 0x000001f66a6fe100 Exception <a 'java/lang/NoSuchMethodError'{0x00000000d59487b0}: 'long java.lang.invoke.DirectMethodHandle$Holder.invokeStatic(java.lang.Object, java.lang.Object, int)'> (0x00000000d59487b0) 
thrown [s\src\hotspot\share\interpreter\linkResolver.cpp, line 773]
Event: 18.112 Thread 0x000001f66a6fe100 Implicit null exception at 0x000001f657df98fe to 0x000001f657df9b70
Event: 18.112 Thread 0x000001f66a6fe100 Implicit null exception at 0x000001f657d6fb9c to 0x000001f657d70ab8
Event: 18.116 Thread 0x000001f66a6fe100 Exception <a 'java/lang/NoSuchMethodError'{0x00000000d5988918}: 'java.lang.Object java.lang.invoke.Invokers$Holder.invokeExact_MT(java.lang.Object, int, java.lang.Object)'> (0x00000000d5988918) 
thrown [s\src\hotspot\share\interpreter\linkResolver.cpp, line 773]

ZGC Phase Switch (0 events):
No events

VM Operations (20 events):
Event: 17.030 Executing safepoint VM operation: ParallelGCFailedAllocation (Allocation Failure)
Event: 17.033 Executing safepoint VM operation: ParallelGCFailedAllocation (Allocation Failure) done
Event: 17.290 Executing safepoint VM operation: ParallelGCFailedAllocation (Allocation Failure)
Event: 17.293 Executing safepoint VM operation: ParallelGCFailedAllocation (Allocation Failure) done
Event: 17.482 Executing non-safepoint VM operation: HandshakeAllThreads (Deoptimize)
Event: 17.482 Executing non-safepoint VM operation: HandshakeAllThreads (Deoptimize) done
Event: 17.517 Executing non-safepoint VM operation: HandshakeAllThreads (Deoptimize)
Event: 17.517 Executing non-safepoint VM operation: HandshakeAllThreads (Deoptimize) done
Event: 17.603 Executing safepoint VM operation: ParallelGCFailedAllocation (Allocation Failure)
Event: 17.606 Executing safepoint VM operation: ParallelGCFailedAllocation (Allocation Failure) done
Event: 17.610 Executing non-safepoint VM operation: HandshakeAllThreads (Deoptimize)
Event: 17.611 Executing non-safepoint VM operation: HandshakeAllThreads (Deoptimize) done
Event: 17.862 Executing non-safepoint VM operation: HandshakeAllThreads (Deoptimize)
Event: 17.863 Executing non-safepoint VM operation: HandshakeAllThreads (Deoptimize) done
Event: 18.016 Executing safepoint VM operation: ParallelGCFailedAllocation (Allocation Failure)
Event: 18.019 Executing safepoint VM operation: ParallelGCFailedAllocation (Allocation Failure) done
Event: 18.172 Executing non-safepoint VM operation: HandshakeAllThreads (Deoptimize)
Event: 18.172 Executing non-safepoint VM operation: HandshakeAllThreads (Deoptimize) done
Event: 18.501 Executing safepoint VM operation: ICBufferFull
Event: 18.502 Executing safepoint VM operation: ICBufferFull done

Memory protections (0 events):
No events

Nmethod flushes (20 events):
Event: 16.633 Thread 0x000001f64cf84980 flushing  nmethod 0x000001f650823e90
Event: 16.633 Thread 0x000001f64cf84980 flushing  nmethod 0x000001f650824710
Event: 16.633 Thread 0x000001f64cf84980 flushing  nmethod 0x000001f650825010
Event: 16.633 Thread 0x000001f64cf84980 flushing  nmethod 0x000001f650826210
Event: 16.633 Thread 0x000001f64cf84980 flushing  nmethod 0x000001f650826a10
Event: 16.633 Thread 0x000001f64cf84980 flushing  nmethod 0x000001f650827190
Event: 16.633 Thread 0x000001f64cf84980 flushing  nmethod 0x000001f650827b10
Event: 16.633 Thread 0x000001f64cf84980 flushing  nmethod 0x000001f650828010
Event: 16.633 Thread 0x000001f64cf84980 flushing  nmethod 0x000001f650829410
Event: 16.633 Thread 0x000001f64cf84980 flushing  nmethod 0x000001f65082a110
Event: 16.633 Thread 0x000001f64cf84980 flushing  nmethod 0x000001f65082a590
Event: 16.633 Thread 0x000001f64cf84980 flushing  nmethod 0x000001f65082b290
Event: 16.633 Thread 0x000001f64cf84980 flushing  nmethod 0x000001f65082ba90
Event: 16.633 Thread 0x000001f64cf84980 flushing  nmethod 0x000001f65082cf90
Event: 16.633 Thread 0x000001f64cf84980 flushing  nmethod 0x000001f650848310
Event: 16.633 Thread 0x000001f64cf84980 flushing  nmethod 0x000001f650850f90
Event: 16.633 Thread 0x000001f64cf84980 flushing  nmethod 0x000001f650861f10
Event: 16.633 Thread 0x000001f64cf84980 flushing  nmethod 0x000001f650862c90
Event: 16.633 Thread 0x000001f64cf84980 flushing  nmethod 0x000001f6508add90
Event: 16.633 Thread 0x000001f64cf84980 flushing  nmethod 0x000001f6508de410

Events (20 events):
Event: 16.371 Thread 0x000001f66abe45b0 Thread added: 0x000001f66abe52d0
Event: 16.417 Thread 0x000001f64cff4b90 Thread added: 0x000001f66abe5960
Event: 16.418 Thread 0x000001f64cff4b90 Thread added: 0x000001f66abe6680
Event: 16.418 Thread 0x000001f64cff4b90 Thread added: 0x000001f66abe73a0
Event: 16.419 Thread 0x000001f64cff4b90 Thread added: 0x000001f66abe4c40
Event: 16.419 Thread 0x000001f64cff4b90 Thread added: 0x000001f66abe6d10
Event: 16.419 Thread 0x000001f64cff4b90 Thread added: 0x000001f66abe5ff0
Event: 16.420 Thread 0x000001f64cff4b90 Thread added: 0x000001f66abe3f20
Event: 16.420 Thread 0x000001f64cff4b90 Thread added: 0x000001f66abe8de0
Event: 16.420 Thread 0x000001f64cff4b90 Thread added: 0x000001f66abe9470
Event: 16.420 Thread 0x000001f64cff4b90 Thread added: 0x000001f66abe7a30
Event: 16.420 Thread 0x000001f64cff4b90 Thread added: 0x000001f66abe9b00
Event: 16.421 Thread 0x000001f64cff4b90 Thread added: 0x000001f66abea190
Event: 16.421 Thread 0x000001f64cff4b90 Thread added: 0x000001f66abea820
Event: 16.456 Thread 0x000001f64cff4b90 Thread added: 0x000001f66abeb540
Event: 16.968 Thread 0x000001f64cff4b90 Thread added: 0x000001f66abeaeb0
Event: 16.968 Thread 0x000001f64cff4b90 Thread added: 0x000001f66abe80c0
Event: 17.414 Thread 0x000001f66a7001d0 Thread added: 0x000001f66abe8750
Event: 17.414 Thread 0x000001f66abe8750 Thread exited: 0x000001f66abe8750
Event: 17.608 Thread 0x000001f66a7001d0 Thread added: 0x000001f66abe8750


Dynamic libraries:
0x00007ff731f90000 - 0x00007ff731f9e000 	c:\Users\sarik\.vscode\extensions\redhat.java-1.55.0-win32-x64\jre\21.0.11-win32-x86_64\bin\java.exe
0x00007ffd9b7e0000 - 0x00007ffd9ba46000 	C:\WINDOWS\SYSTEM32\ntdll.dll
0x00007ffd61e50000 - 0x00007ffd61e71000 	C:\Program Files\Avast Software\Avast\aswhook.dll
0x00007ffd9a510000 - 0x00007ffd9a5d9000 	C:\WINDOWS\System32\KERNEL32.DLL
0x00007ffd989f0000 - 0x00007ffd98def000 	C:\WINDOWS\System32\KERNELBASE.dll
0x00007ffd98eb0000 - 0x00007ffd98ffc000 	C:\WINDOWS\System32\ucrtbase.dll
0x00007ffd862c0000 - 0x00007ffd862de000 	c:\Users\sarik\.vscode\extensions\redhat.java-1.55.0-win32-x64\jre\21.0.11-win32-x86_64\bin\VCRUNTIME140.dll
0x00007ffd862e0000 - 0x00007ffd862f8000 	c:\Users\sarik\.vscode\extensions\redhat.java-1.55.0-win32-x64\jre\21.0.11-win32-x86_64\bin\jli.dll
0x00007ffd9ab80000 - 0x00007ffd9ad46000 	C:\WINDOWS\System32\USER32.dll
0x00007ffd97dd0000 - 0x00007ffd98061000 	C:\WINDOWS\WinSxS\amd64_microsoft.windows.common-controls_6595b64144ccf1df_6.0.26100.8972_none_3e0da176e32f9d4b\COMCTL32.dll
0x00007ffd993b0000 - 0x00007ffd993d7000 	C:\WINDOWS\System32\win32u.dll
0x00007ffd9aad0000 - 0x00007ffd9ab79000 	C:\WINDOWS\System32\msvcrt.dll
0x00007ffd9aee0000 - 0x00007ffd9af0b000 	C:\WINDOWS\System32\GDI32.dll
0x00007ffd993e0000 - 0x00007ffd99509000 	C:\WINDOWS\System32\gdi32full.dll
0x00007ffd98e00000 - 0x00007ffd98ea3000 	C:\WINDOWS\System32\msvcp_win.dll
0x00007ffd9aea0000 - 0x00007ffd9aed2000 	C:\WINDOWS\System32\IMM32.DLL
0x00007ffd8d930000 - 0x00007ffd8d93c000 	c:\Users\sarik\.vscode\extensions\redhat.java-1.55.0-win32-x64\jre\21.0.11-win32-x86_64\bin\vcruntime140_1.dll
0x00007ffd25480000 - 0x00007ffd2550d000 	c:\Users\sarik\.vscode\extensions\redhat.java-1.55.0-win32-x64\jre\21.0.11-win32-x86_64\bin\msvcp140.dll
0x00007ffcea960000 - 0x00007ffceb702000 	c:\Users\sarik\.vscode\extensions\redhat.java-1.55.0-win32-x64\jre\21.0.11-win32-x86_64\bin\server\jvm.dll
0x00007ffd9a910000 - 0x00007ffd9a9cc000 	C:\WINDOWS\System32\ADVAPI32.dll
0x00007ffd9aa10000 - 0x00007ffd9aaba000 	C:\WINDOWS\System32\sechost.dll
0x00007ffd9a280000 - 0x00007ffd9a398000 	C:\WINDOWS\System32\RPCRT4.dll
0x00007ffd9ae00000 - 0x00007ffd9ae82000 	C:\WINDOWS\System32\WS2_32.dll
0x00007ffd90400000 - 0x00007ffd90436000 	C:\WINDOWS\SYSTEM32\WINMM.dll
0x00007ffd98690000 - 0x00007ffd986ee000 	C:\WINDOWS\SYSTEM32\POWRPROF.dll
0x00007ffd964c0000 - 0x00007ffd964cb000 	C:\WINDOWS\SYSTEM32\VERSION.dll
0x00007ffd98670000 - 0x00007ffd98685000 	C:\WINDOWS\SYSTEM32\UMPDC.dll
0x00007ffd97040000 - 0x00007ffd9705b000 	C:\WINDOWS\SYSTEM32\kernel.appcore.dll
0x00007ffd8ad60000 - 0x00007ffd8ad6a000 	c:\Users\sarik\.vscode\extensions\redhat.java-1.55.0-win32-x64\jre\21.0.11-win32-x86_64\bin\jimage.dll
0x00007ffd981f0000 - 0x00007ffd98432000 	C:\WINDOWS\SYSTEM32\DBGHELP.DLL
0x00007ffd997b0000 - 0x00007ffd99b35000 	C:\WINDOWS\System32\combase.dll
0x00007ffd99ca0000 - 0x00007ffd99d79000 	C:\WINDOWS\System32\OLEAUT32.dll
0x00007ffd98070000 - 0x00007ffd980ab000 	C:\WINDOWS\SYSTEM32\dbgcore.DLL
0x00007ffd99010000 - 0x00007ffd990bc000 	C:\WINDOWS\System32\bcryptPrimitives.dll
0x00007ffd7b0f0000 - 0x00007ffd7b0ff000 	c:\Users\sarik\.vscode\extensions\redhat.java-1.55.0-win32-x64\jre\21.0.11-win32-x86_64\bin\instrument.dll
0x00007ffd700e0000 - 0x00007ffd70100000 	c:\Users\sarik\.vscode\extensions\redhat.java-1.55.0-win32-x64\jre\21.0.11-win32-x86_64\bin\java.dll
0x00007ffd9afe0000 - 0x00007ffd9b768000 	C:\WINDOWS\System32\SHELL32.dll
0x00007ffd95490000 - 0x00007ffd95d2b000 	C:\WINDOWS\SYSTEM32\windows.storage.dll
0x00007ffd99510000 - 0x00007ffd99609000 	C:\WINDOWS\System32\SHCORE.dll
0x00007ffd9a210000 - 0x00007ffd9a276000 	C:\WINDOWS\System32\shlwapi.dll
0x00007ffd98910000 - 0x00007ffd98939000 	C:\WINDOWS\SYSTEM32\profapi.dll
0x00007ffd700c0000 - 0x00007ffd700d8000 	c:\Users\sarik\.vscode\extensions\redhat.java-1.55.0-win32-x64\jre\21.0.11-win32-x86_64\bin\zip.dll
0x00007ffd72d70000 - 0x00007ffd72d80000 	C:\Users\sarik\.vscode\extensions\redhat.java-1.55.0-win32-x64\jre\21.0.11-win32-x86_64\bin\net.dll
0x00007ffd8dfd0000 - 0x00007ffd8e0f8000 	C:\WINDOWS\SYSTEM32\WINHTTP.dll
0x00007ffd96c70000 - 0x00007ffd96cdc000 	C:\WINDOWS\system32\mswsock.dll
0x00007ffd58e10000 - 0x00007ffd58e26000 	C:\Users\sarik\.vscode\extensions\redhat.java-1.55.0-win32-x64\jre\21.0.11-win32-x86_64\bin\nio.dll
0x00007ffd721a0000 - 0x00007ffd721b0000 	c:\Users\sarik\.vscode\extensions\redhat.java-1.55.0-win32-x64\jre\21.0.11-win32-x86_64\bin\verify.dll
0x00007ffd25140000 - 0x00007ffd25185000 	C:\Users\sarik\AppData\Roaming\Code\User\globalStorage\redhat.java\1.55.0\config_win\org.eclipse.equinox.launcher\org.eclipse.equinox.launcher.win32.win32.x86_64_1.3.100.v20260613-0559\eclipse_11924.dll
0x00007ffd99610000 - 0x00007ffd997a9000 	C:\WINDOWS\System32\ole32.dll
0x00007ffd98560000 - 0x00007ffd9857b000 	C:\WINDOWS\SYSTEM32\CRYPTSP.dll
0x00007ffd96680000 - 0x00007ffd966b9000 	C:\WINDOWS\system32\rsaenh.dll
0x00007ffd96d20000 - 0x00007ffd96d52000 	C:\WINDOWS\SYSTEM32\USERENV.dll
0x00007ffd988e0000 - 0x00007ffd9890a000 	C:\WINDOWS\SYSTEM32\bcrypt.dll
0x00007ffd96f60000 - 0x00007ffd96f6c000 	C:\WINDOWS\SYSTEM32\CRYPTBASE.dll
0x00007ffd960f0000 - 0x00007ffd96123000 	C:\WINDOWS\SYSTEM32\IPHLPAPI.DLL
0x00007ffd9ae90000 - 0x00007ffd9ae9a000 	C:\WINDOWS\System32\NSI.dll
0x00007ffd68540000 - 0x00007ffd68589000 	C:\Users\sarik\AppData\Local\Temp\jna-109207558\jna11856562477382315764.dll
0x00007ffd9a9e0000 - 0x00007ffd9a9e8000 	C:\WINDOWS\System32\PSAPI.DLL
0x00007ffd90ba0000 - 0x00007ffd90bbd000 	C:\WINDOWS\SYSTEM32\dhcpcsvc6.DLL
0x00007ffd90b70000 - 0x00007ffd90b95000 	C:\WINDOWS\SYSTEM32\dhcpcsvc.DLL
0x00007ffd70030000 - 0x00007ffd7003e000 	C:\Users\sarik\.vscode\extensions\redhat.java-1.55.0-win32-x64\jre\21.0.11-win32-x86_64\bin\sunmscapi.dll
0x00007ffd99190000 - 0x00007ffd9930e000 	C:\WINDOWS\System32\CRYPT32.dll
0x00007ffd979c0000 - 0x00007ffd979f0000 	C:\WINDOWS\SYSTEM32\ncrypt.dll
0x00007ffd97a70000 - 0x00007ffd97aaf000 	C:\WINDOWS\SYSTEM32\NTASN1.dll
0x00007ffd96190000 - 0x00007ffd962e8000 	C:\WINDOWS\SYSTEM32\DNSAPI.dll
0x00007ffd96a70000 - 0x00007ffd96a7d000 	C:\WINDOWS\SYSTEM32\DSPARSE.dll
0x00007ffd8dbb0000 - 0x00007ffd8dbbb000 	C:\Windows\System32\rasadhlp.dll
0x00007ffd91b30000 - 0x00007ffd91bb6000 	C:\WINDOWS\System32\fwpuclnt.dll
0x00007ffd6c430000 - 0x00007ffd6c439000 	C:\Users\sarik\.vscode\extensions\redhat.java-1.55.0-win32-x64\jre\21.0.11-win32-x86_64\bin\extnet.dll

JVMTI agents:
c:\Users\sarik\.vscode\extensions\redhat.java-1.55.0-win32-x64\lombok\lombok-1.18.39-4050.jar path:c:\Users\sarik\.vscode\extensions\redhat.java-1.55.0-win32-x64\jre\21.0.11-win32-x86_64\bin\instrument.dll, loaded, initialized, instrumentlib options:none

dbghelp: loaded successfully - version: 4.0.5 - missing functions: none
symbol engine: initialized successfully - sym options: 0x614 - pdb path: .;c:\Users\sarik\.vscode\extensions\redhat.java-1.55.0-win32-x64\jre\21.0.11-win32-x86_64\bin;C:\WINDOWS\SYSTEM32;C:\Program Files\Avast Software\Avast;C:\WINDOWS\WinSxS\amd64_microsoft.windows.common-controls_6595b64144ccf1df_6.0.26100.8972_none_3e0da176e32f9d4b;c:\Users\sarik\.vscode\extensions\redhat.java-1.55.0-win32-x64\jre\21.0.11-win32-x86_64\bin\server;C:\Users\sarik\AppData\Roaming\Code\User\globalStorage\redhat.java\1.55.0\config_win\org.eclipse.equinox.launcher\org.eclipse.equinox.launcher.win32.win32.x86_64_1.3.100.v20260613-0559;C:\Users\sarik\AppData\Local\Temp\jna-109207558

VM Arguments:
jvm_args: --add-modules=ALL-SYSTEM --add-opens=java.base/java.util=ALL-UNNAMED --add-opens=java.base/java.lang=ALL-UNNAMED --add-opens=java.base/sun.nio.fs=ALL-UNNAMED -Declipse.application=org.eclipse.jdt.ls.core.id1 -Dosgi.bundles.defaultStartLevel=4 -Declipse.product=org.eclipse.jdt.ls.core.product -Djava.import.generatesMetadataFilesAtProjectRoot=false -DDetectVMInstallationsJob.disabled=true -Dfile.encoding=utf8 -XX:+UseParallelGC -XX:GCTimeRatio=4 -XX:AdaptiveSizePolicyWeight=90 -Dsun.zip.disableMemoryMapping=true -Xmx2G -Xms100m -Xlog:disable -javaagent:c:\Users\sarik\.vscode\extensions\redhat.java-1.55.0-win32-x64\lombok\lombok-1.18.39-4050.jar -XX:+HeapDumpOnOutOfMemoryError -XX:HeapDumpPath=c:\Users\sarik\AppData\Roaming\Code\User\workspaceStorage\54e8692cb7a66a87a90cf68ab97ebf6b\redhat.java -Daether.dependencyCollector.impl=bf 
java_command: c:\Users\sarik\.vscode\extensions\redhat.java-1.55.0-win32-x64\server\plugins\org.eclipse.equinox.launcher_1.7.200.v20260619-2039.jar -configuration c:\Users\sarik\AppData\Roaming\Code\User\globalStorage\redhat.java\1.55.0\config_win -data c:\Users\sarik\AppData\Roaming\Code\User\workspaceStorage\54e8692cb7a66a87a90cf68ab97ebf6b\redhat.java\jdt_ws --pipe=\\.\pipe\lsp-b74dac1414ddf5c344ec09b1452f8748-sock
java_class_path (initial): c:\Users\sarik\.vscode\extensions\redhat.java-1.55.0-win32-x64\server\plugins\org.eclipse.equinox.launcher_1.7.200.v20260619-2039.jar
Launcher Type: SUN_STANDARD

[Global flags]
    uintx AdaptiveSizePolicyWeight                 = 90                                        {product} {command line}
     intx CICompilerCount                          = 4                                         {product} {ergonomic}
    uintx GCTimeRatio                              = 4                                         {product} {command line}
     bool HeapDumpOnOutOfMemoryError               = true                                   {manageable} {command line}
    ccstr HeapDumpPath                             = c:\Users\sarik\AppData\Roaming\Code\User\workspaceStorage\54e8692cb7a66a87a90cf68ab97ebf6b\redhat.java         {manageable} {command line}
   size_t InitialHeapSize                          = 104857600                                 {product} {command line}
   size_t MaxHeapSize                              = 2147483648                                {product} {command line}
   size_t MaxNewSize                               = 715653120                                 {product} {ergonomic}
   size_t MinHeapDeltaBytes                        = 524288                                    {product} {ergonomic}
   size_t MinHeapSize                              = 104857600                                 {product} {command line}
   size_t NewSize                                  = 34603008                                  {product} {ergonomic}
    uintx NonNMethodCodeHeapSize                   = 5839372                                {pd product} {ergonomic}
    uintx NonProfiledCodeHeapSize                  = 122909434                              {pd product} {ergonomic}
   size_t OldSize                                  = 70254592                                  {product} {ergonomic}
    uintx ProfiledCodeHeapSize                     = 122909434                              {pd product} {ergonomic}
    uintx ReservedCodeCacheSize                    = 251658240                              {pd product} {ergonomic}
     bool SegmentedCodeCache                       = true                                      {product} {ergonomic}
   size_t SoftMaxHeapSize                          = 2147483648                             {manageable} {ergonomic}
     bool UseCompressedOops                        = true                           {product lp64_product} {ergonomic}
     bool UseLargePagesIndividualAllocation        = false                                  {pd product} {ergonomic}
     bool UseParallelGC                            = true                                      {product} {command line}

Logging:
Log output configuration:
 #0: stdout all=off uptime,level,tags foldmultilines=false
 #1: stderr all=off uptime,level,tags foldmultilines=false

Release file:
JAVA_VERSION="21.0.11" 
MODULES="java.base java.compiler java.datatransfer java.xml java.prefs java.desktop java.instrument java.logging java.management java.security.sasl java.naming java.rmi java.management.rmi java.net.http java.scripting java.security.jgss java.transaction.xa java.sql java.sql.rowset java.xml.crypto java.se java.smartcardio jdk.accessibility jdk.internal.jvmstat jdk.attach jdk.charsets jdk.internal.opt jdk.zipfs jdk.compiler jdk.crypto.ec jdk.crypto.cryptoki jdk.crypto.mscapi jdk.dynalink jdk.internal.ed jdk.editpad jdk.hotspot.agent jdk.httpserver jdk.internal.le jdk.internal.vm.ci jdk.internal.vm.compiler jdk.internal.vm.compiler.management jdk.jartool jdk.javadoc jdk.jcmd jdk.management jdk.management.agent jdk.jconsole jdk.jdeps jdk.jdwp.agent jdk.jdi jdk.jfr jdk.jshell jdk.jsobject jdk.jstatd jdk.localedata jdk.management.jfr jdk.naming.dns jdk.naming.rmi jdk.net jdk.nio.mapmode jdk.random jdk.sctp jdk.security.auth jdk.security.jgss jdk.unsupported jdk.unsupported.desktop jdk.xml.dom" 

Environment Variables:
PATH=C:\Program Files\Common Files\Oracle\Java\javapath;C:\WINDOWS\system32;C:\WINDOWS;C:\WINDOWS\System32\Wbem;C:\WINDOWS\System32\WindowsPowerShell\v1.0\;C:\WINDOWS\System32\OpenSSH\;C:\Program Files\Java\jdk-24\bin;C:\MinGW\bin;C:\Program Files\Git\cmd;C:\Program Files\Git\mingw64\bin;C:\Program Files\Git\usr\bin;C:\Program Files\Docker\Docker\resources\bin;C:\Program Files\nodejs\;C:\Program Files\cursor\resources\app\bin;C:\Users\sarik\AppData\Local\pnpm\bin;C:\Users\sarik\AppData\Local\Programs\Python\Python314\Scripts\;C:\Users\sarik\AppData\Local\Programs\Python\Python314\;C:\Users\sarik\AppData\Local\Programs\Python\Launcher\;C:\Users\sarik\AppData\Local\Microsoft\WindowsApps;C:\Users\sarik\AppData\Local\Programs\Microsoft VS Code\bin;C:\Users\sarik\AppData\Local\GitHubDesktop\bin;C:\Users\sarik\AppData\Local\Programs\cursor\resources\app\bin;C:\Users\sarik\AppData\Roaming\npm
USERNAME=sarik
OS=Windows_NT
PROCESSOR_IDENTIFIER=AMD64 Family 23 Model 104 Stepping 1, AuthenticAMD
TMP=C:\Users\sarik\AppData\Local\Temp
TEMP=C:\Users\sarik\AppData\Local\Temp




Periodic native trim disabled

---------------  S Y S T E M  ---------------

OS:
 Windows 11 , 64 bit Build 26100 (10.0.26100.9168)
OS uptime: 1 days 0:14 hours
Hyper-V role detected

CPU: total 12 (initial active 12) (12 cores per cpu, 2 threads per core) family 23 model 104 stepping 1 microcode 0x8608104, cx8, cmov, fxsr, ht, mmx, 3dnowpref, sse, sse2, sse3, ssse3, sse4a, sse4.1, sse4.2, popcnt, lzcnt, tsc, tscinvbit, avx, avx2, aes, clmul, bmi1, bmi2, adx, sha, fma, vzeroupper, clflush, clflushopt, hv, rdtscp, rdpid, f16c
Processor Information for the first 12 processors :
  Max Mhz: 2100, Current Mhz: 2100, Mhz Limit: 2100

Memory: 4k page, system-wide physical 15708M (3387M free)
TotalPageFile size 29020M (AvailPageFile size 13217M)
current process WorkingSet (physical memory assigned to process): 228M, peak: 228M
current process commit charge ("private bytes"): 346M, peak: 348M

vm_info: OpenJDK 64-Bit Server VM (21.0.11+10-LTS) for windows-amd64 JRE (21.0.11+10-LTS), built on 2026-04-21T00:00:00Z by "admin" with MS VC++ 17.12 (VS2022)

END.
